// Jest Snapshot v1, https://goo.gl/fbAQLP

exports[`<ITunes /> container tests should render and match the snapshot 1`] = `
<body>
  <div>
    <div
      class="MuiContainer-root MuiContainer-maxWidthLg e1qlpjed3 css-q20w81-MuiContainer-root"
    >
      <p
        class="css-lh9t18 egtqi0h0"
        data-testid="t"
      >
        iTunes Search
      </p>
      <form
        role="form"
        style="margin: 0.5em 0px;"
      >
        <input
          class="css-13syu10 e1qlpjed0"
          placeholder="Search any track"
          value=""
        />
        <button
          class="MuiButtonBase-root MuiButton-root MuiButton-secondary MuiButton-secondaryPrimary MuiButton-sizeMedium MuiButton-secondarySizeMedium MuiButton-root MuiButton-secondary MuiButton-secondaryPrimary MuiButton-sizeMedium MuiButton-secondarySizeMedium e1qlpjed1 css-l7z0xr-MuiButtonBase-root-MuiButton-root"
          tabindex="0"
          type="submit"
        >
          <p
            class="css-lh9t18 egtqi0h0"
            data-testid="t"
          >
            search
          </p>
          <span
            class="MuiTouchRipple-root css-8je8zh-MuiTouchRipple-root"
          />
        </button>
      </form>
    </div>
  </div>
</body>
`;
