// Jest Snapshot v1, https://goo.gl/fbAQLP

exports[`<ITunesDeatails /> container tests should render and match the snapshot 1`] = `
<body>
  <div>
    <div
      style="margin: 3rem auto; text-align: center;"
    >
      <p
        class="css-lh9t18 egtqi0h0"
        data-testid="t"
      >
        Could not fetch details for this track
      </p>
    </div>
  </div>
</body>
`;
